08:48:53 **** Incremental Build of configuration Debug for project lab2_src ****
make -j4 all 
arm-none-eabi-gcc "../Core/Src/software_timer.c" -mcpu=cortex-m3 -std=gnu11 -g3 -DDEBUG -DUSE_HAL_DRIVER -DSTM32F103x6 -c -I../Core/Inc -I../Drivers/STM32F1xx_HAL_Driver/Inc -I../Drivers/STM32F1xx_HAL_Driver/Inc/Legacy -I../Drivers/CMSIS/Device/ST/STM32F1xx/Include -I../Drivers/CMSIS/Include -O0 -ffunction-sections -fdata-sections -Wall -fstack-usage -MMD -MP -MF"Core/Src/software_timer.d" -MT"Core/Src/software_timer.o" --specs=nano.specs -mfloat-abi=soft -mthumb -o "Core/Src/software_timer.o"
arm-none-eabi-gcc -o "lab2_src.elf" @"objects.list"   -mcpu=cortex-m3 -T"D:\VXL\GIT_STM32_LAB2\lab2_src\STM32F103C6UX_FLASH.ld" --specs=nosys.specs -Wl,-Map="lab2_src.map" -Wl,--gc-sections -static --specs=nano.specs -mfloat-abi=soft -mthumb -Wl,--start-group -lc -lm -Wl,--end-group
Finished building target: lab2_src.elf
 
arm-none-eabi-size   lab2_src.elf 
arm-none-eabi-objdump -h -S  lab2_src.elf  > "lab2_src.list"
arm-none-eabi-objcopy  -O ihex  lab2_src.elf  "lab2_src.hex"
   text	   data	    bss	    dec	    hex	filename
   8476	     40	   1720	  10236	   27fc	lab2_src.elf
arm-none-eabi-objcopy  -O binary  lab2_src.elf  "lab2_src.bin"
Finished building: default.size.stdout
 
Finished building: lab2_src.hex
Finished building: lab2_src.bin
 
 
Finished building: lab2_src.list
 

08:48:54 Build Finished. 0 errors, 0 warnings. (took 730ms)

